---
source: src/tui.rs
expression: clean_output
---
ZIPMT PIPELINE CONTROLLER ══════════════════════════════════════ [STATUS: RUNNIN
╭ Transporter Status ───────────────────╮╭ Ingest Speed History ───────────────╮
│Ingested :   50.00 MB /  40.5 MB/s     ││    9B ┼                            █│
│Output   :   20.00 MB (2.50x Ratio)    ││       │                           ██│
│───────────────────────────────────────││       │                          ▇██│
│Queue: [] (3/8 blk)                    ││       │                         ▆███│
│W00:[IDLE] --    W01:[IDLE] --         ││       │                        ▅████│
│W02:[IDLE] --    W03:[IDLE] --         ││       │                       ▄█████│
│Out Q: [] (Next: #0)                   ││       │                      ▃██████│
│Gaps : NO GAPS                         ││       │                     ▂███████│
╰───────────────────────────────────────╯╰─────────────────────────────────────╯
╭ Log Messages (▲/▼) ── Knobs: P:4 C:4.0M Q:8 L:6 (avg:--) ────────────────────╮
│                                                                              │
│                                                                              │
│                                                                              │
╰──────────────────────────────────────────────────────────────────────────────╯
╭ Pipeline Controls ────────────────────────╮╭ Level ──────╮╭ Throttle ────╮    
│CTRL: [P]Pause  [-/+]Slow/Speed            ││  9 ┼ ░      ││ 500 ┼ ░      │    
│      [[]/[]]Lvl-/+  [Q]Abort/Exit         ││  6 ┼ █      ││   0 ┼ ░      │    
│      [Tab]Cycle Focus Arrow Up/Down       ││  1 ┴ █      ││   0 ┴ ░      │    
│      Click/Drag to adjust sliders         ││             ││              │    
╰───────────────────────────────────────────╯╰─────────────╯╰──────────────╯
