---
source: src/tui.rs
expression: clean_output
---
┌─── LCARS COMMAND PANEL ─ [ SYSTEM: ACTIVE ] ─────────────────────────────────┐
│ Ingested :   50.00 MB                  │ Speed:  40.5 MB/s                   │
│ Output   :   20.00 MB ( 2.50x Ratio)   │ Speed:  16.2 MB/s                   │
├────────────────────────────────────────┬─────────────────────────────────────┤
│ TRANSPORTER BUFFER CAPACITY            │ INGEST SPEED HISTORY (35s)          │
│ Queue: [] (3/8 blk)                    │    9B ┼                         ▃█  │
│ W00:[IDLE] --    W01:[IDLE] --         │      │                        ▆██   │
│ W02:[IDLE] --    W03:[IDLE] --         │      │                      ▃████   │
│ Out Q: [] (Next: #0)                   │      │                     ▆█████   │
│ Gaps : NO GAPS                         │      │                   ▃███████   │
│ Target 1m: 2431.1M  5m: 12155.6M       │   0B ┼                  ▆████████   │
├────────────────────────────────────────┼─────────────────────────────────────┤
│ SYSTEM LOG MESSAGES (SCROLL: ▲/▼)      │ KNOBS: [Pool:4] [Chunk:4.0MB] [QCap │
│                                                                              │
│                                                                              │
│                                                                              │
│                                                                              │
│                                                                              │
├──────────────────────────────────────────────────────────────────────────────┤
│ CONTROLS: [P] Pause  [-] Slow Down     │ Throt: [░░░░░░░░░░]   0ms           │
│           [+] Speed Up  [Q] Abort      │         STATE   : RUNNING           │
╰────────────────────────────────────────┴─────────────────────────────────────╯
